// Jest Snapshot v1, https://goo.gl/fbAQLP

exports[`Fully renders the DirectoryDetails page 1`] = `
<RCTScrollView
  showsVerticalScrollIndicator={false}
  style={
    Object {
      "backgroundColor": "white",
    }
  }
>
  <View>
    <View
      style={
        Object {
          "backgroundColor": "white",
          "flex": 1,
        }
      }
    >
      <View
        style={
          Object {
            "alignItems": "center",
            "paddingBottom": 10,
          }
        }
      >
        <Text
          accessible={true}
          allowFontScaling={true}
          disabled={false}
          ellipsizeMode="tail"
          style={
            Object {
              "color": "black",
              "fontSize": 20,
              "fontWeight": "bold",
            }
          }
        >
          Mairie
        </Text>
      </View>
      <View
        style={
          Object {
            "alignSelf": "center",
            "backgroundColor": "#FFD153",
            "height": 2,
            "width": "30%",
          }
        }
      />
      <RCTScrollView
        data={undefined}
        disableVirtualization={false}
        getItem={[Function]}
        getItemCount={[Function]}
        horizontal={false}
        initialNumToRender={10}
        keyExtractor={[Function]}
        maxToRenderPerBatch={10}
        numColumns={1}
        onContentSizeChange={[Function]}
        onEndReachedThreshold={2}
        onLayout={[Function]}
        onMomentumScrollEnd={[Function]}
        onScroll={[Function]}
        onScrollBeginDrag={[Function]}
        onScrollEndDrag={[Function]}
        onViewableItemsChanged={undefined}
        renderItem={[Function]}
        scrollEventThrottle={50}
        stickyHeaderIndices={Array []}
        updateCellsBatchingPeriod={50}
        windowSize={21}
      >
        <View />
      </RCTScrollView>
    </View>
  </View>
</RCTScrollView>
`;
